ERROR: 2024/07/07 13:28:30 logging.go:35: Something has failed
ERROR: 2024/07/07 13:28:30 logging.go:36: Something has failed
ERROR: 2024/07/07 13:28:30 logging.go:37: Something has failed
